2D-Map
Resolution: 0
LineMinPos: -5741 -1600
LineMaxPos: 4600 1200
NumLines: 10
LinesAreSorted: true
MapInfo: DockType "Name=Dock" "Label=Dock" "NameRequired=1" "Color0=0xffff00" "Color1=0x000000" "Color2=0x000000" "FtFix=1" "FtSize=12" "Heading=Required"
MapInfo: GoalType "Name=Goal" "Label=Goal" "NameRequired=1" "Color0=0x008080" "Color1=0x00ffff" "Color2=0x008080" "FtFix=1" "FtSize=12"
MetaInfo: Rotation "Value=0"
MetaInfo: Feature "Name=changeprocessing"
RouteInfo: EveryBefore "_everyBefore"
RouteInfo: EveryAfter "_everyAfter"
SchedInfo: Current "_Friday"
SchedInfo: Current "_Monday"
SchedInfo: Current "_Saturday"
SchedInfo: Current "_Sunday"
SchedInfo: Current "_Thursday"
SchedInfo: Current "_Tuesday"
SchedInfo: Current "_Wednesday"
Cairn: RobotHome -3662 -220 1.000254 "" ICON ""
LINES
-5741 1200 4600 1200
-5740 1160 -5740 -1540
-5700 -1580 4600 -1580
-2861 -1029 -2860 -1600
-1760 -1030 -1760 -1580
-1759 -1031 -2860 -1030
-60 -1064 -60 -1580
934 -1064 -56 -1064
936 -1068 936 -1592
4600 1160 4600 -1580
DATA
